// Jest Snapshot v1, https://goo.gl/fbAQLP

exports[`Dashboard Rsearcher IDs test Render the authors Researcher IDs as expected for a UQ researcher 1`] = `
<div
  className="columns researcherIds is-gapless"
>
  <div
    className="publons column is-narrow"
  >
    <a
      aria-label="Link your publons ID to UQ eSpace"
      href="https://app.library.uq.edu.au/#/id"
      target="_blank"
    >
      <Avatar
        alt="Link your publons ID to UQ eSpace"
        className="publons researchIdAvatar error"
        size={40}
        src=""
        title="Link your publons ID to UQ eSpace"
      />
    </a>
  </div>
  <div
    className="researcher column is-narrow"
  >
    <a
      aria-label="Your researcher Id is G-111-1111 - Click to visit your profile"
      href="https://app.library.uq.edu.au/#/id"
      target="_blank"
    >
      <Avatar
        alt="Your researcher Id is G-111-1111 - Click to visit your profile"
        className="researcher researchIdAvatar ok"
        size={40}
        src=""
        title="Your researcher Id is G-111-1111 - Click to visit your profile"
      />
    </a>
  </div>
  <div
    className="scopus column is-narrow"
  >
    <a
      aria-label="Link your scopus ID to UQ eSpace"
      href="https://app.library.uq.edu.au/#/id"
      target="_blank"
    >
      <Avatar
        alt="Link your scopus ID to UQ eSpace"
        className="scopus researchIdAvatar error"
        size={40}
        src=""
        title="Link your scopus ID to UQ eSpace"
      />
    </a>
  </div>
  <div
    className="google_scholar column is-narrow"
  >
    <a
      aria-label="Link your google_scholar ID to UQ eSpace"
      href="https://app.library.uq.edu.au/#/id"
      target="_blank"
    >
      <Avatar
        alt="Link your google_scholar ID to UQ eSpace"
        className="google_scholar researchIdAvatar error"
        size={40}
        src=""
        title="Link your google_scholar ID to UQ eSpace"
      />
    </a>
  </div>
  <div
    className="orcid column is-narrow"
  >
    <a
      aria-label="Your orcid Id is 0000-0001-1111-1111 - Click to visit your profile"
      href="https://app.library.uq.edu.au/#/id"
      target="_blank"
    >
      <Avatar
        alt="Your orcid Id is 0000-0001-1111-1111 - Click to visit your profile"
        className="orcid researchIdAvatar ok"
        size={40}
        src=""
        title="Your orcid Id is 0000-0001-1111-1111 - Click to visit your profile"
      />
    </a>
  </div>
  <div
    className="column is-narrow"
  >
    <a
      aria-label="Click to visit your ORCID profile"
      className="orcidLink"
      href="http://orcid.org/0000-0001-1111-1111"
      target="_blank"
      title="Click to visit your ORCID profile"
    >
      orcid.org/
      0000-0001-1111-1111
    </a>
  </div>
</div>
`;

exports[`Dashboard Rsearcher IDs test Render the authors Researcher IDs with weird values as expected for a UQ researcher 1`] = `
<div
  className="columns researcherIds is-gapless"
>
  <div
    className="anId column is-narrow"
  >
    <a
      aria-label="Your anId Id is This is an edge case example - Click to visit your profile"
      href="https://app.library.uq.edu.au/#/id"
      target="_blank"
    >
      <Avatar
        alt="Your anId Id is This is an edge case example - Click to visit your profile"
        className="anid researchIdAvatar ok"
        size={40}
        src=""
        title="Your anId Id is This is an edge case example - Click to visit your profile"
      />
    </a>
  </div>
  <div
    className="column is-narrow"
  >
    <a
      aria-label="Click to link your ORCID ID"
      className="orcidLink"
      href="https://app.library.uq.edu.au/#/id"
      target="_blank"
      title="Click to link your ORCID ID"
    >
      Click to link your ORCID ID
    </a>
  </div>
</div>
`;
